2024-12-11T20:55:32.754950+00:00 INFO 'ansible_navigator.setup_logger' New ansible-navigator instance, logging initialized
2024-12-11T20:55:32.755157+00:00 INFO 'ansible_navigator.setup_logger' New ansible-runner instance, logging initialized
2024-12-11T20:55:32.755202+00:00 DEBUG 'ansible_navigator.main' Beaker==1.12.1 
2024-12-11T20:55:32.755230+00:00 DEBUG 'ansible_navigator.main' Brlapi==0.8.5 
2024-12-11T20:55:32.755253+00:00 DEBUG 'ansible_navigator.main' Mako==1.2.3 
2024-12-11T20:55:32.755275+00:00 DEBUG 'ansible_navigator.main' MarkupSafe==2.1.5 
2024-12-11T20:55:32.755295+00:00 DEBUG 'ansible_navigator.main' Parsley==1.3 
2024-12-11T20:55:32.755314+00:00 DEBUG 'ansible_navigator.main' Paste==3.10.1 
2024-12-11T20:55:32.755333+00:00 DEBUG 'ansible_navigator.main' PySocks==1.7.1 
2024-12-11T20:55:32.755352+00:00 DEBUG 'ansible_navigator.main' PyYAML==6.0.1 
2024-12-11T20:55:32.755372+00:00 DEBUG 'ansible_navigator.main' Tempita==0.5.2 
2024-12-11T20:55:32.755393+00:00 DEBUG 'ansible_navigator.main' ansible-builder==3.1.0 
2024-12-11T20:55:32.755413+00:00 DEBUG 'ansible_navigator.main' ansible-compat==24.10.0 
2024-12-11T20:55:32.755431+00:00 DEBUG 'ansible_navigator.main' ansible-core==2.16.12 
2024-12-11T20:55:32.755449+00:00 DEBUG 'ansible_navigator.main' ansible-lint==24.12.1 
2024-12-11T20:55:32.755467+00:00 DEBUG 'ansible_navigator.main' ansible-navigator==24.10.0 
2024-12-11T20:55:32.755485+00:00 DEBUG 'ansible_navigator.main' ansible-runner==2.4.0 
2024-12-11T20:55:32.755514+00:00 DEBUG 'ansible_navigator.main' ansible==9.11.0 /usr/lib/python3.13/site-packages/ansible/__init__.py
2024-12-11T20:55:32.755534+00:00 DEBUG 'ansible_navigator.main' argcomplete==3.5.2 /usr/lib/python3.13/site-packages/argcomplete/__init__.py
2024-12-11T20:55:32.755553+00:00 DEBUG 'ansible_navigator.main' attrs==24.2.0 /usr/local/lib/python3.13/site-packages/attrs/__init__.py
2024-12-11T20:55:32.755571+00:00 DEBUG 'ansible_navigator.main' bindep==2.11.0 /usr/local/lib/python3.13/site-packages/bindep/__init__.py
2024-12-11T20:55:32.755589+00:00 DEBUG 'ansible_navigator.main' black==24.10.0 /usr/local/lib64/python3.13/site-packages/black/__init__.cpython-313-x86_64-linux-gnu.so
2024-12-11T20:55:32.755607+00:00 DEBUG 'ansible_navigator.main' blivet-gui==2.6.0 
2024-12-11T20:55:32.755625+00:00 DEBUG 'ansible_navigator.main' blivet==3.11.0 /usr/lib/python3.13/site-packages/blivet/__init__.py
2024-12-11T20:55:32.755643+00:00 DEBUG 'ansible_navigator.main' bracex==2.5.post1 /usr/local/lib/python3.13/site-packages/bracex/__init__.py
2024-12-11T20:55:32.755660+00:00 DEBUG 'ansible_navigator.main' cffi==1.17.0 /usr/lib64/python3.13/site-packages/cffi/__init__.py
2024-12-11T20:55:32.755678+00:00 DEBUG 'ansible_navigator.main' charset-normalizer==3.3.2 
2024-12-11T20:55:32.755698+00:00 DEBUG 'ansible_navigator.main' click==8.1.7 /usr/lib/python3.13/site-packages/click/__init__.py
2024-12-11T20:55:32.755717+00:00 DEBUG 'ansible_navigator.main' crypt_r==3.13.1 /usr/lib64/python3.13/site-packages/crypt_r.py
2024-12-11T20:55:32.755735+00:00 DEBUG 'ansible_navigator.main' cupshelpers==1.0 /usr/lib/python3.13/site-packages/cupshelpers/__init__.py
2024-12-11T20:55:32.755753+00:00 DEBUG 'ansible_navigator.main' dasbus==1.7 /usr/lib/python3.13/site-packages/dasbus/__init__.py
2024-12-11T20:55:32.755770+00:00 DEBUG 'ansible_navigator.main' dbus-python==1.3.2 
2024-12-11T20:55:32.755788+00:00 DEBUG 'ansible_navigator.main' distro==1.9.0 /usr/lib/python3.13/site-packages/distro/__init__.py
2024-12-11T20:55:32.755806+00:00 DEBUG 'ansible_navigator.main' fedora-third-party==0.10 
2024-12-11T20:55:32.755824+00:00 DEBUG 'ansible_navigator.main' file-magic==0.4.0 
2024-12-11T20:55:32.755841+00:00 DEBUG 'ansible_navigator.main' filelock==3.16.1 /usr/local/lib/python3.13/site-packages/filelock/__init__.py
2024-12-11T20:55:32.755859+00:00 DEBUG 'ansible_navigator.main' fros==1.1 
2024-12-11T20:55:32.755877+00:00 DEBUG 'ansible_navigator.main' importlib_metadata==8.5.0 /usr/local/lib/python3.13/site-packages/importlib_metadata/__init__.py
2024-12-11T20:55:32.755895+00:00 DEBUG 'ansible_navigator.main' iso639==0.1.4 /usr/lib/python3.13/site-packages/iso639/__init__.py
2024-12-11T20:55:32.755922+00:00 DEBUG 'ansible_navigator.main' jsonschema-specifications==2024.10.1 
2024-12-11T20:55:32.755942+00:00 DEBUG 'ansible_navigator.main' jsonschema==4.23.0 /usr/local/lib/python3.13/site-packages/jsonschema/__init__.py
2024-12-11T20:55:32.755961+00:00 DEBUG 'ansible_navigator.main' langtable==0.0.68 /usr/lib/python3.13/site-packages/langtable/__init__.py
2024-12-11T20:55:32.755979+00:00 DEBUG 'ansible_navigator.main' libcomps==0.1.21 /usr/lib64/python3.13/site-packages/libcomps/__init__.py
2024-12-11T20:55:32.755997+00:00 DEBUG 'ansible_navigator.main' lockfile==0.12.2 /usr/local/lib/python3.13/site-packages/lockfile/__init__.py
2024-12-11T20:55:32.756015+00:00 DEBUG 'ansible_navigator.main' louis==3.28.0 /usr/lib/python3.13/site-packages/louis/__init__.py
2024-12-11T20:55:32.756033+00:00 DEBUG 'ansible_navigator.main' lxml==5.2.1 /usr/lib64/python3.13/site-packages/lxml/__init__.py
2024-12-11T20:55:32.756050+00:00 DEBUG 'ansible_navigator.main' mypy-extensions==1.0.0 
2024-12-11T20:55:32.756069+00:00 DEBUG 'ansible_navigator.main' nftables==0.1 /usr/lib/python3.13/site-packages/nftables/__init__.py
2024-12-11T20:55:32.756086+00:00 DEBUG 'ansible_navigator.main' olefile==0.47 /usr/lib/python3.13/site-packages/olefile/__init__.py
2024-12-11T20:55:32.756104+00:00 DEBUG 'ansible_navigator.main' onigurumacffi==1.3.0 /usr/local/lib64/python3.13/site-packages/onigurumacffi.py
2024-12-11T20:55:32.756122+00:00 DEBUG 'ansible_navigator.main' pathspec==0.12.1 /usr/local/lib/python3.13/site-packages/pathspec/__init__.py
2024-12-11T20:55:32.756139+00:00 DEBUG 'ansible_navigator.main' pbr==6.1.0 /usr/local/lib/python3.13/site-packages/pbr/__init__.py
2024-12-11T20:55:32.756158+00:00 DEBUG 'ansible_navigator.main' perf==0.1 /usr/lib64/python3.13/site-packages/perf.cpython-313-x86_64-linux-gnu.so
2024-12-11T20:55:32.756176+00:00 DEBUG 'ansible_navigator.main' pexpect==4.9.0 /usr/lib/python3.13/site-packages/pexpect/__init__.py
2024-12-11T20:55:32.756195+00:00 DEBUG 'ansible_navigator.main' pid==2.2.3 /usr/lib/python3.13/site-packages/pid/__init__.py
2024-12-11T20:55:32.756213+00:00 DEBUG 'ansible_navigator.main' pillow==11.0.0 
2024-12-11T20:55:32.756232+00:00 DEBUG 'ansible_navigator.main' pip==24.2 /usr/lib/python3.13/site-packages/pip/__init__.py
2024-12-11T20:55:32.756250+00:00 DEBUG 'ansible_navigator.main' platformdirs==4.3.6 /usr/local/lib/python3.13/site-packages/platformdirs/__init__.py
2024-12-11T20:55:32.756269+00:00 DEBUG 'ansible_navigator.main' ply==3.11 /usr/lib/python3.13/site-packages/ply/__init__.py
2024-12-11T20:55:32.756288+00:00 DEBUG 'ansible_navigator.main' productmd==1.41 /usr/lib/python3.13/site-packages/productmd/__init__.py
2024-12-11T20:55:32.756306+00:00 DEBUG 'ansible_navigator.main' pwquality==1.4.5 /usr/lib64/python3.13/site-packages/pwquality.cpython-313-x86_64-linux-gnu.so
2024-12-11T20:55:32.756325+00:00 DEBUG 'ansible_navigator.main' pyOpenSSL==24.2.1 
2024-12-11T20:55:32.756343+00:00 DEBUG 'ansible_navigator.main' pycairo==1.25.1 
2024-12-11T20:55:32.756361+00:00 DEBUG 'ansible_navigator.main' pycparser==2.20 /usr/lib/python3.13/site-packages/pycparser/__init__.py
2024-12-11T20:55:32.756380+00:00 DEBUG 'ansible_navigator.main' pycrypto==2.6.1 
2024-12-11T20:55:32.756401+00:00 DEBUG 'ansible_navigator.main' pycups==2.0.4 
2024-12-11T20:55:32.756419+00:00 DEBUG 'ansible_navigator.main' pyenchant==3.2.2 
2024-12-11T20:55:32.756437+00:00 DEBUG 'ansible_navigator.main' pykickstart==3.58 /usr/lib/python3.13/site-packages/pykickstart/__init__.py
2024-12-11T20:55:32.756455+00:00 DEBUG 'ansible_navigator.main' pyparted==3.13.0 
2024-12-11T20:55:32.756472+00:00 DEBUG 'ansible_navigator.main' python-augeas==1.1.0 
2024-12-11T20:55:32.756490+00:00 DEBUG 'ansible_navigator.main' python-daemon==3.1.2 
2024-12-11T20:55:32.756526+00:00 DEBUG 'ansible_navigator.main' python-dateutil==2.8.2 
2024-12-11T20:55:32.756546+00:00 DEBUG 'ansible_navigator.main' python-linux-procfs==0.7.3 
2024-12-11T20:55:32.756564+00:00 DEBUG 'ansible_navigator.main' python-meh==0.52 
2024-12-11T20:55:32.756589+00:00 DEBUG 'ansible_navigator.main' python-pam==2.0.2 
2024-12-11T20:55:32.756608+00:00 DEBUG 'ansible_navigator.main' pyudev==0.24.3 /usr/lib/python3.13/site-packages/pyudev/__init__.py
2024-12-11T20:55:32.756626+00:00 DEBUG 'ansible_navigator.main' pyxdg==0.27 
2024-12-11T20:55:32.756644+00:00 DEBUG 'ansible_navigator.main' referencing==0.35.1 /usr/local/lib/python3.13/site-packages/referencing/__init__.py
2024-12-11T20:55:32.756662+00:00 DEBUG 'ansible_navigator.main' regex==2024.9.11 /usr/lib64/python3.13/site-packages/regex/__init__.py
2024-12-11T20:55:32.756680+00:00 DEBUG 'ansible_navigator.main' requests-file==2.0.0 
2024-12-11T20:55:32.756697+00:00 DEBUG 'ansible_navigator.main' requests-ftp==0.3.1 
2024-12-11T20:55:32.756715+00:00 DEBUG 'ansible_navigator.main' requests==2.32.3 /usr/lib/python3.13/site-packages/requests/__init__.py
2024-12-11T20:55:32.756733+00:00 DEBUG 'ansible_navigator.main' resolvelib==1.0.1 /usr/lib/python3.13/site-packages/resolvelib/__init__.py
2024-12-11T20:55:32.756751+00:00 DEBUG 'ansible_navigator.main' rpds-py==0.22.3 
2024-12-11T20:55:32.756769+00:00 DEBUG 'ansible_navigator.main' ruamel.yaml==0.18.6 /usr/local/lib/python3.13/site-packages/ruamel/yaml/__init__.py
2024-12-11T20:55:32.756787+00:00 DEBUG 'ansible_navigator.main' selinux==3.7 /usr/lib64/python3.13/site-packages/selinux/__init__.py
2024-12-11T20:55:32.756805+00:00 DEBUG 'ansible_navigator.main' sepolicy==3.7 /usr/lib/python3.13/site-packages/sepolicy/__init__.py
2024-12-11T20:55:32.756823+00:00 DEBUG 'ansible_navigator.main' setools==4.5.1 /usr/lib64/python3.13/site-packages/setools/__init__.py
2024-12-11T20:55:32.756841+00:00 DEBUG 'ansible_navigator.main' setuptools==69.2.0 /usr/lib/python3.13/site-packages/setuptools/__init__.py
2024-12-11T20:55:32.756858+00:00 DEBUG 'ansible_navigator.main' shtab==1.7.1 /usr/lib/python3.13/site-packages/shtab/__init__.py
2024-12-11T20:55:32.756876+00:00 DEBUG 'ansible_navigator.main' simpleaudio==1.0.4 /usr/lib64/python3.13/site-packages/simpleaudio/__init__.py
2024-12-11T20:55:32.756893+00:00 DEBUG 'ansible_navigator.main' simpleline==1.9.0 /usr/lib/python3.13/site-packages/simpleline/__init__.py
2024-12-11T20:55:32.756911+00:00 DEBUG 'ansible_navigator.main' six==1.16.0 /usr/lib/python3.13/site-packages/six.py
2024-12-11T20:55:32.756928+00:00 DEBUG 'ansible_navigator.main' sos==4.8.1 /usr/lib/python3.13/site-packages/sos/__init__.py
2024-12-11T20:55:32.756946+00:00 DEBUG 'ansible_navigator.main' speedtest-cli==2.1.3 
2024-12-11T20:55:32.756963+00:00 DEBUG 'ansible_navigator.main' subprocess-tee==0.4.2 
2024-12-11T20:55:32.756981+00:00 DEBUG 'ansible_navigator.main' systemd-python==235 
2024-12-11T20:55:32.756998+00:00 DEBUG 'ansible_navigator.main' tldr==3.3.0 /usr/lib/python3.13/site-packages/tldr.py
2024-12-11T20:55:32.757016+00:00 DEBUG 'ansible_navigator.main' tzdata==2024.2 /usr/local/lib/python3.13/site-packages/tzdata/__init__.py
2024-12-11T20:55:32.757034+00:00 DEBUG 'ansible_navigator.main' urllib3==1.26.20 /usr/lib/python3.13/site-packages/urllib3/__init__.py
2024-12-11T20:55:32.757052+00:00 DEBUG 'ansible_navigator.main' wcmatch==10.0 /usr/local/lib/python3.13/site-packages/wcmatch/__init__.py
2024-12-11T20:55:32.757069+00:00 DEBUG 'ansible_navigator.main' xkbregistry==0.3 /usr/lib64/python3.13/site-packages/xkbregistry/__init__.py
2024-12-11T20:55:32.757087+00:00 DEBUG 'ansible_navigator.main' yamllint==1.35.1 /usr/local/lib/python3.13/site-packages/yamllint/__init__.py
2024-12-11T20:55:32.757104+00:00 DEBUG 'ansible_navigator.main' zipp==3.21.0 /usr/local/lib/python3.13/site-packages/zipp/__init__.py
2024-12-11T20:55:32.757122+00:00 DEBUG 'ansible_navigator.main' Default collection_doc_cache_path set to: /home/ryan/.cache/ansible-navigator/collection_doc_cache.db
2024-12-11T20:55:32.757139+00:00 DEBUG 'ansible_navigator.main' EDITOR environment variable set as '/usr/bin/nano'
2024-12-11T20:55:32.757157+00:00 DEBUG 'ansible_navigator.main' Default editor_command set to: /usr/bin/nano {filename}
2024-12-11T20:55:32.757181+00:00 DEBUG 'ansible_navigator.main' No config file set by ANSIBLE_NAVIGATOR_CONFIG
2024-12-11T20:55:32.757201+00:00 DEBUG 'ansible_navigator.main' Looking in /home/ryan/.ansible-navigator
2024-12-11T20:55:32.757219+00:00 DEBUG 'ansible_navigator.main' Looking for '/home/ryan/.ansible-navigator.yml', '/home/ryan/.ansible-navigator.yaml' and '/home/ryan/.ansible-navigator.json'
2024-12-11T20:55:32.757237+00:00 DEBUG 'ansible_navigator.main' Found 0: 
2024-12-11T20:55:32.757256+00:00 DEBUG 'ansible_navigator.main' Looking in /home/ryan/FedoraWorkstation/ansible-navigator
2024-12-11T20:55:32.757274+00:00 DEBUG 'ansible_navigator.main' Looking for '/home/ryan/FedoraWorkstation/ansible-navigator.yml', '/home/ryan/FedoraWorkstation/ansible-navigator.yaml' and '/home/ryan/FedoraWorkstation/ansible-navigator.json'
2024-12-11T20:55:32.757292+00:00 DEBUG 'ansible_navigator.main' Found 0: 
2024-12-11T20:55:32.757311+00:00 DEBUG 'ansible_navigator.main' All found 0: 
2024-12-11T20:55:32.757328+00:00 DEBUG 'ansible_navigator.main' Using: None
2024-12-11T20:55:32.757347+00:00 DEBUG 'ansible_navigator.main' No valid settings file found, using all default values for settings.
2024-12-11T20:55:32.757365+00:00 DEBUG 'ansible_navigator.main' Command provided: './ansible/main.playbook.yml --ask-become-pass'
2024-12-11T20:55:32.757385+00:00 WARNING 'ansible_navigator.main' Configuration errors encountered, rolling back to previous configuration.
2024-12-11T20:55:32.757404+00:00 DEBUG 'ansible_navigator.main' Prior to rollback: ansible_runner_artifact_dir = 'Not set' (Constants/Not set)
2024-12-11T20:55:32.757423+00:00 DEBUG 'ansible_navigator.main' Prior to rollback: ansible_runner_rotate_artifacts_count = 'Not set' (Constants/Not set)
2024-12-11T20:55:32.757442+00:00 DEBUG 'ansible_navigator.main' Prior to rollback: ansible_runner_timeout = 'Not set' (Constants/Not set)
2024-12-11T20:55:32.757461+00:00 DEBUG 'ansible_navigator.main' Prior to rollback: ansible_runner_write_job_events = 'False' (bool/Defaults)
2024-12-11T20:55:32.757480+00:00 DEBUG 'ansible_navigator.main' Prior to rollback: app = 'welcome' (str/Defaults)
2024-12-11T20:55:32.757499+00:00 DEBUG 'ansible_navigator.main' Prior to rollback: cmdline = '['./ansible/main.playbook.yml', '--ask-become-pass']' (list/Command line)
2024-12-11T20:55:32.757531+00:00 DEBUG 'ansible_navigator.main' Prior to rollback: collection_doc_cache_path = '/home/ryan/.cache/ansible-navigator/collection_doc_cache.db' (str/Defaults)
2024-12-11T20:55:32.757549+00:00 DEBUG 'ansible_navigator.main' Prior to rollback: config = 'Not set' (Constants/Not set)
2024-12-11T20:55:32.757567+00:00 DEBUG 'ansible_navigator.main' Prior to rollback: container_engine = 'auto' (str/Defaults)
2024-12-11T20:55:32.757585+00:00 DEBUG 'ansible_navigator.main' Prior to rollback: container_options = 'Not set' (Constants/Not set)
2024-12-11T20:55:32.757602+00:00 DEBUG 'ansible_navigator.main' Prior to rollback: display_color = 'True' (bool/Defaults)
2024-12-11T20:55:32.757621+00:00 DEBUG 'ansible_navigator.main' Prior to rollback: editor_command = '/usr/bin/nano {filename}' (str/Defaults)
2024-12-11T20:55:32.757639+00:00 DEBUG 'ansible_navigator.main' Prior to rollback: editor_console = 'True' (bool/Defaults)
2024-12-11T20:55:32.757657+00:00 DEBUG 'ansible_navigator.main' Prior to rollback: enable_prompts = 'False' (bool/Defaults)
2024-12-11T20:55:32.757675+00:00 DEBUG 'ansible_navigator.main' Prior to rollback: exec_command = '/bin/bash' (str/Defaults)
2024-12-11T20:55:32.757694+00:00 DEBUG 'ansible_navigator.main' Prior to rollback: exec_shell = 'True' (bool/Defaults)
2024-12-11T20:55:32.757711+00:00 DEBUG 'ansible_navigator.main' Prior to rollback: execution_environment = 'True' (bool/Defaults)
2024-12-11T20:55:32.757729+00:00 DEBUG 'ansible_navigator.main' Prior to rollback: execution_environment_image = 'ghcr.io/ansible/community-ansible-dev-tools:latest' (str/Defaults)
2024-12-11T20:55:32.757748+00:00 DEBUG 'ansible_navigator.main' Prior to rollback: execution_environment_volume_mounts = 'Not set' (Constants/Not set)
2024-12-11T20:55:32.757777+00:00 DEBUG 'ansible_navigator.main' Prior to rollback: format = 'yaml' (str/Defaults)
2024-12-11T20:55:32.757796+00:00 DEBUG 'ansible_navigator.main' Prior to rollback: help_builder = 'False' (bool/Defaults)
2024-12-11T20:55:32.757815+00:00 DEBUG 'ansible_navigator.main' Prior to rollback: help_config = 'False' (bool/Defaults)
2024-12-11T20:55:32.757833+00:00 DEBUG 'ansible_navigator.main' Prior to rollback: help_doc = 'False' (bool/Defaults)
2024-12-11T20:55:32.757851+00:00 DEBUG 'ansible_navigator.main' Prior to rollback: help_inventory = 'False' (bool/Defaults)
2024-12-11T20:55:32.757869+00:00 DEBUG 'ansible_navigator.main' Prior to rollback: help_playbook = 'False' (bool/Defaults)
2024-12-11T20:55:32.757887+00:00 DEBUG 'ansible_navigator.main' Prior to rollback: images_details = '['everything']' (list/Defaults)
2024-12-11T20:55:32.757905+00:00 DEBUG 'ansible_navigator.main' Prior to rollback: inventory = 'Not set' (Constants/Not set)
2024-12-11T20:55:32.757923+00:00 DEBUG 'ansible_navigator.main' Prior to rollback: inventory_column = 'Not set' (Constants/Not set)
2024-12-11T20:55:32.757941+00:00 DEBUG 'ansible_navigator.main' Prior to rollback: lint_config = 'Not set' (Constants/Not set)
2024-12-11T20:55:32.757959+00:00 DEBUG 'ansible_navigator.main' Prior to rollback: lintables = 'Not set' (Constants/Not set)
2024-12-11T20:55:32.757977+00:00 DEBUG 'ansible_navigator.main' Prior to rollback: log_append = 'True' (bool/Defaults)
2024-12-11T20:55:32.757994+00:00 DEBUG 'ansible_navigator.main' Prior to rollback: log_file = '/home/ryan/FedoraWorkstation/ansible-navigator.log' (str/Defaults)
2024-12-11T20:55:32.758012+00:00 DEBUG 'ansible_navigator.main' Prior to rollback: log_level = 'warning' (str/Defaults)
2024-12-11T20:55:32.758029+00:00 DEBUG 'ansible_navigator.main' Prior to rollback: mode = 'interactive' (str/Defaults)
2024-12-11T20:55:32.758047+00:00 DEBUG 'ansible_navigator.main' Prior to rollback: osc4 = 'True' (bool/Defaults)
2024-12-11T20:55:32.758065+00:00 DEBUG 'ansible_navigator.main' Prior to rollback: pass_environment_variable = 'Not set' (Constants/Not set)
2024-12-11T20:55:32.758083+00:00 DEBUG 'ansible_navigator.main' Prior to rollback: playbook = 'Not set' (Constants/Not set)
2024-12-11T20:55:32.758100+00:00 DEBUG 'ansible_navigator.main' Prior to rollback: playbook_artifact_enable = 'True' (bool/Defaults)
2024-12-11T20:55:32.758118+00:00 DEBUG 'ansible_navigator.main' Prior to rollback: playbook_artifact_replay = 'Not set' (Constants/Not set)
2024-12-11T20:55:32.758136+00:00 DEBUG 'ansible_navigator.main' Prior to rollback: playbook_artifact_save_as = '{playbook_dir}/{playbook_name}-artifact-{time_stamp}.json' (str/Defaults)
2024-12-11T20:55:32.758155+00:00 DEBUG 'ansible_navigator.main' Prior to rollback: plugin_name = 'Not set' (Constants/Not set)
2024-12-11T20:55:32.758173+00:00 DEBUG 'ansible_navigator.main' Prior to rollback: plugin_type = 'module' (str/Defaults)
2024-12-11T20:55:32.758191+00:00 DEBUG 'ansible_navigator.main' Prior to rollback: pull_arguments = 'Not set' (Constants/Not set)
2024-12-11T20:55:32.758209+00:00 DEBUG 'ansible_navigator.main' Prior to rollback: pull_policy = 'tag' (str/Defaults)
2024-12-11T20:55:32.758226+00:00 DEBUG 'ansible_navigator.main' Prior to rollback: set_environment_variable = 'Not set' (Constants/Not set)
2024-12-11T20:55:32.758244+00:00 DEBUG 'ansible_navigator.main' Prior to rollback: settings_effective = 'False' (bool/Defaults)
2024-12-11T20:55:32.758261+00:00 DEBUG 'ansible_navigator.main' Prior to rollback: settings_sample = 'False' (bool/Defaults)
2024-12-11T20:55:32.758280+00:00 DEBUG 'ansible_navigator.main' Prior to rollback: settings_schema = 'json' (str/Defaults)
2024-12-11T20:55:32.758298+00:00 DEBUG 'ansible_navigator.main' Prior to rollback: settings_sources = 'False' (bool/Defaults)
2024-12-11T20:55:32.758316+00:00 DEBUG 'ansible_navigator.main' Prior to rollback: time_zone = 'UTC' (str/Defaults)
2024-12-11T20:55:32.758333+00:00 DEBUG 'ansible_navigator.main' Prior to rollback: workdir = '/home/ryan/FedoraWorkstation' (str/Defaults)
2024-12-11T20:55:32.758358+00:00 DEBUG 'ansible_navigator.main' After rollback: ansible_runner_artifact_dir = 'Not set' (Constants/Not set)
2024-12-11T20:55:32.758379+00:00 DEBUG 'ansible_navigator.main' After rollback: ansible_runner_rotate_artifacts_count = 'Not set' (Constants/Not set)
2024-12-11T20:55:32.758400+00:00 DEBUG 'ansible_navigator.main' After rollback: ansible_runner_timeout = 'Not set' (Constants/Not set)
2024-12-11T20:55:32.758419+00:00 DEBUG 'ansible_navigator.main' After rollback: ansible_runner_write_job_events = 'Not set' (Constants/Not set)
2024-12-11T20:55:32.758437+00:00 DEBUG 'ansible_navigator.main' After rollback: app = 'Not set' (Constants/Not set)
2024-12-11T20:55:32.758455+00:00 DEBUG 'ansible_navigator.main' After rollback: cmdline = 'Not set' (Constants/Not set)
2024-12-11T20:55:32.758473+00:00 DEBUG 'ansible_navigator.main' After rollback: collection_doc_cache_path = 'Not set' (Constants/Not set)
2024-12-11T20:55:32.758491+00:00 DEBUG 'ansible_navigator.main' After rollback: config = 'Not set' (Constants/Not set)
2024-12-11T20:55:32.758529+00:00 DEBUG 'ansible_navigator.main' After rollback: container_engine = 'Not set' (Constants/Not set)
2024-12-11T20:55:32.758549+00:00 DEBUG 'ansible_navigator.main' After rollback: container_options = 'Not set' (Constants/Not set)
2024-12-11T20:55:32.758568+00:00 DEBUG 'ansible_navigator.main' After rollback: display_color = 'Not set' (Constants/Not set)
2024-12-11T20:55:32.758586+00:00 DEBUG 'ansible_navigator.main' After rollback: editor_command = 'Not set' (Constants/Not set)
2024-12-11T20:55:32.758604+00:00 DEBUG 'ansible_navigator.main' After rollback: editor_console = 'Not set' (Constants/Not set)
2024-12-11T20:55:32.758622+00:00 DEBUG 'ansible_navigator.main' After rollback: enable_prompts = 'Not set' (Constants/Not set)
2024-12-11T20:55:32.758640+00:00 DEBUG 'ansible_navigator.main' After rollback: exec_command = 'Not set' (Constants/Not set)
2024-12-11T20:55:32.758657+00:00 DEBUG 'ansible_navigator.main' After rollback: exec_shell = 'Not set' (Constants/Not set)
2024-12-11T20:55:32.758675+00:00 DEBUG 'ansible_navigator.main' After rollback: execution_environment = 'Not set' (Constants/Not set)
2024-12-11T20:55:32.758693+00:00 DEBUG 'ansible_navigator.main' After rollback: execution_environment_image = 'Not set' (Constants/Not set)
2024-12-11T20:55:32.758710+00:00 DEBUG 'ansible_navigator.main' After rollback: execution_environment_volume_mounts = 'Not set' (Constants/Not set)
2024-12-11T20:55:32.758728+00:00 DEBUG 'ansible_navigator.main' After rollback: format = 'Not set' (Constants/Not set)
2024-12-11T20:55:32.758746+00:00 DEBUG 'ansible_navigator.main' After rollback: help_builder = 'Not set' (Constants/Not set)
2024-12-11T20:55:32.758763+00:00 DEBUG 'ansible_navigator.main' After rollback: help_config = 'Not set' (Constants/Not set)
2024-12-11T20:55:32.758780+00:00 DEBUG 'ansible_navigator.main' After rollback: help_doc = 'Not set' (Constants/Not set)
2024-12-11T20:55:32.758798+00:00 DEBUG 'ansible_navigator.main' After rollback: help_inventory = 'Not set' (Constants/Not set)
2024-12-11T20:55:32.758816+00:00 DEBUG 'ansible_navigator.main' After rollback: help_playbook = 'Not set' (Constants/Not set)
2024-12-11T20:55:32.758834+00:00 DEBUG 'ansible_navigator.main' After rollback: images_details = 'Not set' (Constants/Not set)
2024-12-11T20:55:32.758852+00:00 DEBUG 'ansible_navigator.main' After rollback: inventory = 'Not set' (Constants/Not set)
2024-12-11T20:55:32.758869+00:00 DEBUG 'ansible_navigator.main' After rollback: inventory_column = 'Not set' (Constants/Not set)
2024-12-11T20:55:32.758886+00:00 DEBUG 'ansible_navigator.main' After rollback: lint_config = 'Not set' (Constants/Not set)
2024-12-11T20:55:32.758904+00:00 DEBUG 'ansible_navigator.main' After rollback: lintables = 'Not set' (Constants/Not set)
2024-12-11T20:55:32.758921+00:00 DEBUG 'ansible_navigator.main' After rollback: log_append = 'Not set' (Constants/Not set)
2024-12-11T20:55:32.758939+00:00 DEBUG 'ansible_navigator.main' After rollback: log_file = 'Not set' (Constants/Not set)
2024-12-11T20:55:32.758963+00:00 DEBUG 'ansible_navigator.main' After rollback: log_level = 'Not set' (Constants/Not set)
2024-12-11T20:55:32.758982+00:00 DEBUG 'ansible_navigator.main' After rollback: mode = 'Not set' (Constants/Not set)
2024-12-11T20:55:32.758999+00:00 DEBUG 'ansible_navigator.main' After rollback: osc4 = 'Not set' (Constants/Not set)
2024-12-11T20:55:32.759017+00:00 DEBUG 'ansible_navigator.main' After rollback: pass_environment_variable = 'Not set' (Constants/Not set)
2024-12-11T20:55:32.759034+00:00 DEBUG 'ansible_navigator.main' After rollback: playbook = 'Not set' (Constants/Not set)
2024-12-11T20:55:32.759052+00:00 DEBUG 'ansible_navigator.main' After rollback: playbook_artifact_enable = 'Not set' (Constants/Not set)
2024-12-11T20:55:32.759070+00:00 DEBUG 'ansible_navigator.main' After rollback: playbook_artifact_replay = 'Not set' (Constants/Not set)
2024-12-11T20:55:32.759088+00:00 DEBUG 'ansible_navigator.main' After rollback: playbook_artifact_save_as = 'Not set' (Constants/Not set)
2024-12-11T20:55:32.759105+00:00 DEBUG 'ansible_navigator.main' After rollback: plugin_name = 'Not set' (Constants/Not set)
2024-12-11T20:55:32.759124+00:00 DEBUG 'ansible_navigator.main' After rollback: plugin_type = 'Not set' (Constants/Not set)
2024-12-11T20:55:32.759141+00:00 DEBUG 'ansible_navigator.main' After rollback: pull_arguments = 'Not set' (Constants/Not set)
2024-12-11T20:55:32.759159+00:00 DEBUG 'ansible_navigator.main' After rollback: pull_policy = 'Not set' (Constants/Not set)
2024-12-11T20:55:32.759177+00:00 DEBUG 'ansible_navigator.main' After rollback: set_environment_variable = 'Not set' (Constants/Not set)
2024-12-11T20:55:32.759195+00:00 DEBUG 'ansible_navigator.main' After rollback: settings_effective = 'Not set' (Constants/Not set)
2024-12-11T20:55:32.759213+00:00 DEBUG 'ansible_navigator.main' After rollback: settings_sample = 'Not set' (Constants/Not set)
2024-12-11T20:55:32.759230+00:00 DEBUG 'ansible_navigator.main' After rollback: settings_schema = 'Not set' (Constants/Not set)
2024-12-11T20:55:32.759248+00:00 DEBUG 'ansible_navigator.main' After rollback: settings_sources = 'Not set' (Constants/Not set)
2024-12-11T20:55:32.759265+00:00 DEBUG 'ansible_navigator.main' After rollback: time_zone = 'Not set' (Constants/Not set)
2024-12-11T20:55:32.759283+00:00 DEBUG 'ansible_navigator.main' After rollback: workdir = 'Not set' (Constants/Not set)
2024-12-11T20:55:32.759300+00:00 DEBUG 'ansible_navigator.main' Configuration rollback complete.
2024-12-11T20:55:32.759319+00:00 DEBUG 'ansible_navigator.main' Collection doc cache not mounted
2024-12-11T20:55:32.759341+00:00 WARNING 'ansible_navigator.main' Issues were found while applying the settings.
2024-12-11T20:55:32.759363+00:00 INFO 'ansible_navigator.main' Command provided: './ansible/main.playbook.yml --ask-become-pass'
2024-12-11T20:55:32.759388+00:00 ERROR 'ansible_navigator.main' argument {subcommand} --help: invalid choice: './ansible/main.playbook.yml' (choose from 'builder', 'collections', 'config', 'doc', 'exec', 'images', 'inventory', 'lint', 'replay', 'run', 'settings', 'welcome')
2024-12-11T20:55:32.759416+00:00 INFO 'ansible_navigator.main' Configuration failed, using default log file location. (/home/ryan/FedoraWorkstation/ansible-navigator.log) Log level set to debug
2024-12-11T20:55:32.759437+00:00 INFO 'ansible_navigator.main' Review the hints and log file to see what went wrong.
2024-12-11T20:55:56.286498+00:00 WARNING 'ansible_navigator.image_manager.puller._log_message' Image inspection failed, image assumed to be corrupted or missing
2024-12-11T20:55:56.286825+00:00 WARNING 'ansible_navigator.image_manager.puller._log_message' stdout: []

2024-12-11T20:55:56.286921+00:00 WARNING 'ansible_navigator.image_manager.puller._log_message' stderr: Error: ghcr.io/ansible/community-ansible-dev-tools:latest: image not known

2024-12-11T20:57:59.325756+00:00 WARNING 'ansible_navigator.run' Dirty exit, killing the pid
2024-12-11T20:58:03.343293+00:00 WARNING 'ansible_navigator.run' Dirty exit, killing the pid
2024-12-11T20:58:10.471373+00:00 CRITICAL 'ansible_navigator.actions.run_54c1._handle_message' Unhandled message from runner queue, discarded: {'event': 'verbose', 'uuid': '6859d350-fd2a-4642-a080-75bc164b434c', 'counter': 1, 'stdout': '\x1b[1;35m[WARNING]: provided hosts list is empty, only localhost is available. Note that\x1b[0m', 'start_line': 0, 'end_line': 1, 'runner_ident': '9a2cbaf2-e6d6-45e0-85c1-ee776eea6e19', 'created': '2024-12-11T20:58:10.471108+00:00'}
2024-12-11T20:58:10.471991+00:00 CRITICAL 'ansible_navigator.actions.run_54c1._handle_message' Unhandled message from runner queue, discarded: {'event': 'verbose', 'uuid': '26296cc8-0be8-4070-b6a0-e8f98c4c783e', 'counter': 2, 'stdout': "\x1b[1;35mthe implicit localhost does not match 'all'\x1b[0m", 'start_line': 1, 'end_line': 2, 'runner_ident': '9a2cbaf2-e6d6-45e0-85c1-ee776eea6e19', 'created': '2024-12-11T20:58:10.471607+00:00'}
2024-12-11T20:58:28.468940+00:00 CRITICAL 'ansible_navigator.actions.run_b9c9._handle_message' Unhandled message from runner queue, discarded: {'event': 'verbose', 'uuid': 'f1d860d4-772e-4538-91fc-6746292ca534', 'counter': 1, 'stdout': '\x1b[1;35m[WARNING]: provided hosts list is empty, only localhost is available. Note that\x1b[0m', 'start_line': 0, 'end_line': 1, 'runner_ident': '97df4926-2822-4209-b8ab-7bd972087645', 'created': '2024-12-11T20:58:28.468700+00:00'}
2024-12-11T20:58:28.469498+00:00 CRITICAL 'ansible_navigator.actions.run_b9c9._handle_message' Unhandled message from runner queue, discarded: {'event': 'verbose', 'uuid': 'f45fa808-2d89-4b2b-a5b3-4af5469bdf1d', 'counter': 2, 'stdout': "\x1b[1;35mthe implicit localhost does not match 'all'\x1b[0m", 'start_line': 1, 'end_line': 2, 'runner_ident': '97df4926-2822-4209-b8ab-7bd972087645', 'created': '2024-12-11T20:58:28.469289+00:00'}
2024-12-11T21:00:12.334706+00:00 WARNING 'ansible_navigator.run' Dirty exit, killing the pid
2024-12-11T21:00:34.608788+00:00 CRITICAL 'ansible_navigator.actions.run_8595._handle_message' Unhandled message from runner queue, discarded: {'event': 'verbose', 'uuid': 'b6bfb9a4-6195-4935-87e0-4db8d6177547', 'counter': 1, 'stdout': '\x1b[1;35m[WARNING]: provided hosts list is empty, only localhost is available. Note that\x1b[0m', 'start_line': 0, 'end_line': 1, 'runner_ident': '06bdd50f-26bf-4e52-9132-a55024d782e0', 'created': '2024-12-11T21:00:34.608597+00:00'}
2024-12-11T21:00:34.609286+00:00 CRITICAL 'ansible_navigator.actions.run_8595._handle_message' Unhandled message from runner queue, discarded: {'event': 'verbose', 'uuid': '5756dc33-2eeb-4f5f-bcce-e2a51b81e480', 'counter': 2, 'stdout': "\x1b[1;35mthe implicit localhost does not match 'all'\x1b[0m", 'start_line': 1, 'end_line': 2, 'runner_ident': '06bdd50f-26bf-4e52-9132-a55024d782e0', 'created': '2024-12-11T21:00:34.608966+00:00'}
2024-12-11T21:01:26.237627+00:00 WARNING 'ansible_navigator.image_manager.puller._log_message' Image inspection failed, image assumed to be corrupted or missing
2024-12-11T21:01:26.237910+00:00 WARNING 'ansible_navigator.image_manager.puller._log_message' stdout: []

2024-12-11T21:01:26.238038+00:00 WARNING 'ansible_navigator.image_manager.puller._log_message' stderr: Error: ghcr.io/ansible/community-ansible-dev-tools:latest: image not known

2024-12-11T21:02:09.564498+00:00 CRITICAL 'ansible_navigator.actions.run_31df._handle_message' Unhandled message from runner queue, discarded: {'event': 'verbose', 'uuid': '40ea6c6c-97cf-4ad7-a3fd-356201678a6f', 'counter': 1, 'stdout': '\x1b[1;35m[WARNING]: No inventory was parsed, only implicit localhost is available\x1b[0m', 'start_line': 0, 'end_line': 1, 'runner_ident': '0d777734-e78f-4dfa-ad59-a2be824fc8f9', 'created': '2024-12-11T21:02:09.564265+00:00'}
2024-12-11T21:02:09.667784+00:00 CRITICAL 'ansible_navigator.actions.run_31df._handle_message' Unhandled message from runner queue, discarded: {'event': 'verbose', 'uuid': '644af489-9ab9-4c84-8754-45503022af63', 'counter': 2, 'stdout': '\x1b[1;35m[WARNING]: provided hosts list is empty, only localhost is available. Note that\x1b[0m', 'start_line': 1, 'end_line': 2, 'runner_ident': '0d777734-e78f-4dfa-ad59-a2be824fc8f9', 'created': '2024-12-11T21:02:09.565317+00:00'}
2024-12-11T21:02:09.667980+00:00 CRITICAL 'ansible_navigator.actions.run_31df._handle_message' Unhandled message from runner queue, discarded: {'event': 'verbose', 'uuid': 'b6227e1b-f70a-49d0-bed8-673b98cee60e', 'counter': 3, 'stdout': "\x1b[1;35mthe implicit localhost does not match 'all'\x1b[0m", 'start_line': 2, 'end_line': 3, 'runner_ident': '0d777734-e78f-4dfa-ad59-a2be824fc8f9', 'created': '2024-12-11T21:02:09.565393+00:00'}
2024-12-23T16:24:43.945549+00:00 WARNING 'ansible_navigator.run' Dirty exit, killing the pid
